[Sun Apr 26 23:22:09 2026] PHP 8.3.6 Development Server (http://localhost:8000) started
[Sun Apr 26 23:23:17 2026] [::1]:59568 Accepted
[Sun Apr 26 23:23:17 2026] [::1]:59568 [200]: GET /install.php
[Sun Apr 26 23:23:17 2026] [::1]:59568 Closing
[Sun Apr 26 23:23:17 2026] [::1]:59584 Accepted
[Sun Apr 26 23:23:18 2026] [::1]:59584 [200]: POST /install.php
[Sun Apr 26 23:23:18 2026] [::1]:59584 Closing
[Sun Apr 26 23:23:19 2026] [::1]:40080 Accepted
[Sun Apr 26 23:23:19 2026] [::1]:40080 [200]: GET /admin/login.php
[Sun Apr 26 23:23:19 2026] [::1]:40080 Closing
[Sun Apr 26 23:23:19 2026] [::1]:40086 Accepted
[Sun Apr 26 23:23:19 2026] [::1]:40086 [302]: POST /admin/login.php
[Sun Apr 26 23:23:19 2026] [::1]:40086 Closing
[Sun Apr 26 23:23:19 2026] [::1]:40102 Accepted
[Sun Apr 26 23:23:19 2026] [::1]:40102 [200]: GET /admin/index.php
[Sun Apr 26 23:23:19 2026] [::1]:40102 Closing
[Sun Apr 26 23:23:20 2026] [::1]:40110 Accepted
[Sun Apr 26 23:23:20 2026] [::1]:40110 [200]: GET /admin/settings.php
[Sun Apr 26 23:23:20 2026] [::1]:40110 Closing
[Sun Apr 26 23:23:21 2026] [::1]:40116 Accepted
[Sun Apr 26 23:23:21 2026] [::1]:40116 [200]: GET /admin/theme_options.php
[Sun Apr 26 23:23:21 2026] [::1]:40116 Closing
[Sun Apr 26 23:23:21 2026] [::1]:40118 Accepted
[Sun Apr 26 23:23:21 2026] [::1]:40118 [200]: POST /admin/theme_options.php
[Sun Apr 26 23:23:21 2026] [::1]:40118 Closing
[Sun Apr 26 23:23:22 2026] [::1]:40130 Accepted
[Sun Apr 26 23:23:22 2026] [::1]:40130 [200]: GET /index.php
[Sun Apr 26 23:23:22 2026] [::1]:40130 Closing
[Sun Apr 26 23:23:22 2026] [::1]:40134 Accepted
[Sun Apr 26 23:23:22 2026] [::1]:40134 [200]: GET /themes/default/style.css
[Sun Apr 26 23:23:22 2026] [::1]:40134 Closing
